// Jest Snapshot v1, https://goo.gl/fbAQLP

exports[`Should show movie info 1`] = `
<div
  className="movie-details"
>
  <div
    className="logo"
  >
    netflixroulette
  </div>
  <div
    className="btn"
    onClick={[Function]}
  >
    search
  </div>
  <div
    className="picture"
  >
    <img
      src={undefined}
    />
  </div>
  <div
    className="movie-description"
  >
    <div
      className="title"
    >
      Movie 1
    </div>
    <div
      className="rating"
    >
      4.1
    </div>
    <br />
    <div
      className="year"
    >
      2014
    </div>
    <div
      className="duration"
    >
      105
       min
    </div>
    <br />
    <div
      className="description"
    />
    <br />
    <div
      className="director"
    >
      Director: 
      director 1
    </div>
    <br />
    <div
      className="cast"
    >
      Cast: Actor 1, Actor 2, Actor 3, Actor 4, Actor 5, Actor 6, Actor 7
    </div>
  </div>
</div>
`;
